[    0.000000] Linux version 4.15.0-212-generic (buildd@lcy02-amd64-083) (gcc version 7.5.0 (Ubuntu 7.5.0-3ubuntu1~18.04)) #223-Ubuntu SMP Tue May 23 13:09:22 UTC 2023 (Ubuntu 4.15.0-212.223-generic 4.15.18)
[    0.000000] Command line: BOOT_IMAGE=/boot/vmlinuz-4.15.0-212-generic root=LABEL=cloudimg-rootfs ro console=tty1 console=ttyS0
[    0.000000] KERNEL supported cpus:
[    0.000000]   Intel GenuineIntel
[    0.000000]   AMD AuthenticAMD
[    0.000000]   Centaur CentaurHauls
[    0.000000] x86/fpu: x87 FPU will use FXSAVE
[    0.000000] e820: BIOS-provided physical RAM map:
[    0.000000] BIOS-e820: [mem 0x0000000000000000-0x000000000009fbff] usable
[    0.000000] BIOS-e820: [mem 0x000000000009fc00-0x000000000009ffff] reserved
[    0.000000] BIOS-e820: [mem 0x00000000000f0000-0x00000000000fffff] reserved
[    0.000000] BIOS-e820: [mem 0x0000000000100000-0x000000003ffeffff] usable
[    0.000000] BIOS-e820: [mem 0x000000003fff0000-0x000000003fffffff] ACPI data
[    0.000000] BIOS-e820: [mem 0x00000000fec00000-0x00000000fec00fff] reserved
[    0.000000] BIOS-e820: [mem 0x00000000fee00000-0x00000000fee00fff] reserved
[    0.000000] BIOS-e820: [mem 0x00000000fffc0000-0x00000000ffffffff] reserved
[    0.000000] NX (Execute Disable) protection: active
[    0.000000] SMBIOS 2.5 present.
[    0.000000] DMI: innotek GmbH VirtualBox/VirtualBox, BIOS VirtualBox 12/01/2006
[    0.000000] Hypervisor detected: KVM
[    0.000000] e820: last_pfn = 0x3fff0 max_arch_pfn = 0x400000000
[    0.000000] MTRR: Disabled
[    0.000000] x86/PAT: MTRRs disabled, skipping PAT initialization too.
[    0.000000] CPU MTRRs all blank - virtualized system.
[    0.000000] x86/PAT: Configuration [0-7]: WB  WT  UC- UC  WB  WT  UC- UC  
[    0.000000] found SMP MP-table at [mem 0x0009fff0-0x0009ffff]
[    0.000000] Scanning 1 areas for low memory corruption
[    0.000000] RAMDISK: [mem 0x359cb000-0x36cdcfff]
[    0.000000] ACPI: Early table checksum verification disabled
[    0.000000] ACPI: RSDP 0x00000000000E0000 000024 (v02 VBOX  )
[    0.000000] ACPI: XSDT 0x000000003FFF0030 00003C (v01 VBOX   VBOXXSDT 00000001 ASL  00000061)
[    0.000000] ACPI: FACP 0x000000003FFF00F0 0000F4 (v04 VBOX   VBOXFACP 00000001 ASL  00000061)
[    0.000000] ACPI: DSDT 0x000000003FFF0470 002325 (v02 VBOX   VBOXBIOS 00000002 INTL 20190509)
[    0.000000] ACPI: FACS 0x000000003FFF0200 000040
[    0.000000] ACPI: FACS 0x000000003FFF0200 000040
[    0.000000] ACPI: APIC 0x000000003FFF0240 00005C (v02 VBOX   VBOXAPIC 00000001 ASL  00000061)
[    0.000000] ACPI: SSDT 0x000000003FFF02A0 0001CC (v01 VBOX   VBOXCPUT 00000002 INTL 20190509)
[    0.000000] ACPI: Reserving FACP table memory at [mem 0x3fff00f0-0x3fff01e3]
[    0.000000] ACPI: Reserving DSDT table memory at [mem 0x3fff0470-0x3fff2794]
[    0.000000] ACPI: Reserving FACS table memory at [mem 0x3fff0200-0x3fff023f]
[    0.000000] ACPI: Reserving FACS table memory at [mem 0x3fff0200-0x3fff023f]
[    0.000000] ACPI: Reserving APIC table memory at [mem 0x3fff0240-0x3fff029b]
[    0.000000] ACPI: Reserving SSDT table memory at [mem 0x3fff02a0-0x3fff046b]
[    0.000000] No NUMA configuration found
[    0.000000] Faking a node at [mem 0x0000000000000000-0x000000003ffeffff]
[    0.000000] NODE_DATA(0) allocated [mem 0x3ffc5000-0x3ffeffff]
[    0.000000] kvm-clock: cpu 0, msr 0:3ff44001, primary cpu clock
[    0.000000] kvm-clock: Using msrs 4b564d01 and 4b564d00
[    0.000000] kvm-clock: using sched offset of 19694508626 cycles
[    0.000000] clocksource: kvm-clock: mask: 0xffffffffffffffff max_cycles: 0x1cd42e4dffb, max_idle_ns: 881590591483 ns
[    0.000000] Zone ranges:
[    0.000000]   DMA      [mem 0x0000000000001000-0x0000000000ffffff]
[    0.000000]   DMA32    [mem 0x0000000001000000-0x000000003ffeffff]
[    0.000000]   Normal   empty
[    0.000000]   Device   empty
[    0.000000] Movable zone start for each node
[    0.000000] Early memory node ranges
[    0.000000]   node   0: [mem 0x0000000000001000-0x000000000009efff]
[    0.000000]   node   0: [mem 0x0000000000100000-0x000000003ffeffff]
[    0.000000] Reserved but unavailable: 104 pages
[    0.000000] Initmem setup node 0 [mem 0x0000000000001000-0x000000003ffeffff]
[    0.000000] ACPI: PM-Timer IO Port: 0x4008
[    0.000000] IOAPIC[0]: apic_id 2, version 32, address 0xfec00000, GSI 0-23
[    0.000000] ACPI: INT_SRC_OVR (bus 0 bus_irq 0 global_irq 2 dfl dfl)
[    0.000000] ACPI: INT_SRC_OVR (bus 0 bus_irq 9 global_irq 9 low level)
[    0.000000] Using ACPI (MADT) for SMP configuration information
[    0.000000] smpboot: Allowing 2 CPUs, 0 hotplug CPUs
[    0.000000] PM: Registered nosave memory: [mem 0x00000000-0x00000fff]
[    0.000000] PM: Registered nosave memory: [mem 0x0009f000-0x0009ffff]
[    0.000000] PM: Registered nosave memory: [mem 0x000a0000-0x000effff]
[    0.000000] PM: Registered nosave memory: [mem 0x000f0000-0x000fffff]
[    0.000000] e820: [mem 0x40000000-0xfebfffff] available for PCI devices
[    0.000000] Booting paravirtualized kernel on KVM
[    0.000000] clocksource: refined-jiffies: mask: 0xffffffff max_cycles: 0xffffffff, max_idle_ns: 7645519600211568 ns
[    0.000000] setup_percpu: NR_CPUS:8192 nr_cpumask_bits:2 nr_cpu_ids:2 nr_node_ids:1
[    0.000000] percpu: Embedded 50 pages/cpu s167936 r8192 d28672 u1048576
[    0.000000] PV qspinlock hash table entries: 256 (order: 0, 4096 bytes)
[    0.000000] Built 1 zonelists, mobility grouping on.  Total pages: 257913
[    0.000000] Policy zone: DMA32
[    0.000000] Kernel command line: BOOT_IMAGE=/boot/vmlinuz-4.15.0-212-generic root=LABEL=cloudimg-rootfs ro console=tty1 console=ttyS0
[    0.000000] Memory: 982644K/1048120K available (12300K kernel code, 2477K rwdata, 4324K rodata, 2480K init, 2720K bss, 65476K reserved, 0K cma-reserved)
[    0.000000] SLUB: HWalign=64, Order=0-3, MinObjects=0, CPUs=2, Nodes=1
[    0.000000] Kernel/User page tables isolation: enabled
[    0.000000] ftrace: allocating 39508 entries in 155 pages
[    0.004000] Hierarchical RCU implementation.
[    0.004000] 	RCU restricting CPUs from NR_CPUS=8192 to nr_cpu_ids=2.
[    0.004000] 	Tasks RCU enabled.
[    0.004000] RCU: Adjusting geometry for rcu_fanout_leaf=16, nr_cpu_ids=2
[    0.004000] NR_IRQS: 524544, nr_irqs: 440, preallocated irqs: 16
[    0.004000] Console: colour VGA+ 80x25
[    0.004000] console [tty1] enabled
[    0.004000] console [ttyS0] enabled
[    0.004000] ACPI: Core revision 20170831
[    0.004000] ACPI: 2 ACPI AML tables successfully acquired and loaded
[    0.004000] APIC: Switch to symmetric I/O mode setup
[    0.004000] x2apic enabled
[    0.004000] Switched APIC routing to physical x2apic.
[    0.006146] ..TIMER: vector=0x30 apic1=0 pin1=2 apic2=-1 pin2=-1
[    0.008010] tsc: Detected 3058.998 MHz processor
[    0.009482] Calibrating delay loop (skipped) preset value.. 6117.99 BogoMIPS (lpj=12235992)
[    0.012009] pid_max: default: 32768 minimum: 301
[    0.013495] Security Framework initialized
[    0.016009] Yama: becoming mindful.
[    0.017251] AppArmor: AppArmor initialized
[    0.020110] Dentry cache hash table entries: 131072 (order: 8, 1048576 bytes)
[    0.022465] Inode-cache hash table entries: 65536 (order: 7, 524288 bytes)
[    0.024044] Mount-cache hash table entries: 2048 (order: 2, 16384 bytes)
[    0.026214] Mountpoint-cache hash table entries: 2048 (order: 2, 16384 bytes)
[    0.028426] Last level iTLB entries: 4KB 512, 2MB 7, 4MB 7
[    0.029569] Last level dTLB entries: 4KB 512, 2MB 32, 4MB 32, 1GB 0
[    0.032005] Spectre V1 : Mitigation: usercopy/swapgs barriers and __user pointer sanitization
[    0.033893] Spectre V2 : Mitigation: Retpolines
[    0.035018] Spectre V2 : Spectre v2 / SpectreRSB mitigation: Filling RSB on context switch
[    0.036010] Spectre V2 : Spectre v2 / SpectreRSB : Filling RSB on VMEXIT
[    0.040006] Speculative Store Bypass: Vulnerable
[    0.041361] MDS: Vulnerable: Clear CPU buffers attempted, no microcode
[    0.044006] MMIO Stale Data: Unknown: No mitigations
[    0.045601] Freeing SMP alternatives memory: 36K
[    0.158097] smpboot: CPU0: Intel(R) Core(TM) i3 CPU         540  @ 3.07GHz (family: 0x6, model: 0x25, stepping: 0x2)
[    0.160000] Performance Events: unsupported p6 CPU model 37 no PMU driver, software events only.
[    0.160068] Hierarchical SRCU implementation.
[    0.161727] NMI watchdog: Perf event create on CPU 0 failed with -2
[    0.164013] NMI watchdog: Perf NMI watchdog permanently disabled
[    0.168193] smp: Bringing up secondary CPUs ...
[    0.169933] x86: Booting SMP configuration:
[    0.171379] .... node  #0, CPUs:      #1
[    0.004000] kvm-clock: cpu 1, msr 0:3ff44041, secondary cpu clock
[    0.184033] smp: Brought up 1 node, 2 CPUs
[    0.185341] smpboot: Max logical packages: 1
[    0.186709] smpboot: Total of 2 processors activated (12235.99 BogoMIPS)
[    0.188391] devtmpfs: initialized
[    0.189256] x86/mm: Memory block size: 128MB
[    0.192367] evm: security.selinux
[    0.193557] evm: security.SMACK64
[    0.196008] evm: security.SMACK64EXEC
[    0.197436] evm: security.SMACK64TRANSMUTE
[    0.198818] evm: security.SMACK64MMAP
[    0.200015] evm: security.apparmor
[    0.201075] evm: security.ima
[    0.204000] evm: security.capability
[    0.204205] clocksource: jiffies: mask: 0xffffffff max_cycles: 0xffffffff, max_idle_ns: 7645041785100000 ns
[    0.208042] futex hash table entries: 512 (order: 3, 32768 bytes)
[    0.212117] pinctrl core: initialized pinctrl subsystem
[    0.216177] RTC time: 17:11:25, date: 03/18/24
[    0.218239] NET: Registered protocol family 16
[    0.219939] audit: initializing netlink subsys (disabled)
[    0.220096] audit: type=2000 audit(1710781906.392:1): state=initialized audit_enabled=0 res=1
[    0.224020] cpuidle: using governor ladder
[    0.225240] cpuidle: using governor menu
[    0.226468] ACPI: bus type PCI registered
[    0.228013] acpiphp: ACPI Hot Plug PCI Controller Driver version: 0.5
[    0.230581] PCI: Using configuration type 1 for base access
[    0.233978] HugeTLB registered 2.00 MiB page size, pre-allocated 0 pages
[    0.236181] ACPI: Added _OSI(Module Device)
[    0.240005] ACPI: Added _OSI(Processor Device)
[    0.242036] ACPI: Added _OSI(3.0 _SCP Extensions)
[    0.244004] ACPI: Added _OSI(Processor Aggregator Device)
[    0.245344] ACPI: Added _OSI(Linux-Dell-Video)
[    0.246660] ACPI: Added _OSI(Linux-Lenovo-NV-HDMI-Audio)
[    0.248013] ACPI: Added _OSI(Linux-HPI-Hybrid-Graphics)
[    0.250379] ACPI: Executed 1 blocks of module-level executable AML code
[    0.258901] ACPI: Interpreter enabled
[    0.259882] ACPI: (supports S0 S5)
[    0.260008] ACPI: Using IOAPIC for interrupt routing
[    0.262394] PCI: Using host bridge windows from ACPI; if necessary, use "pci=nocrs" and report a bug
[    0.264337] ACPI: Enabled 2 GPEs in block 00 to 07
[    0.281055] ACPI: PCI Root Bridge [PCI0] (domain 0000 [bus 00-ff])
[    0.282839] acpi PNP0A03:00: _OSC: OS supports [ASPM ClockPM Segments MSI]
[    0.285053] acpi PNP0A03:00: _OSC: not requesting OS control; OS requires [ExtendedConfig ASPM ClockPM MSI]
[    0.288037] acpi PNP0A03:00: fail to add MMCONFIG information, can't access extended PCI configuration space under this bridge.
[    0.292665] PCI host bridge to bus 0000:00
[    0.294385] pci_bus 0000:00: root bus resource [io  0x0000-0x0cf7 window]
[    0.296012] pci_bus 0000:00: root bus resource [io  0x0d00-0xffff window]
[    0.298028] pci_bus 0000:00: root bus resource [mem 0x000a0000-0x000bffff window]
[    0.300007] pci_bus 0000:00: root bus resource [mem 0x40000000-0xfdffffff window]
[    0.304011] pci_bus 0000:00: root bus resource [bus 00-ff]
[    0.308370] pci 0000:00:01.1: legacy IDE quirk: reg 0x10: [io  0x01f0-0x01f7]
[    0.310565] pci 0000:00:01.1: legacy IDE quirk: reg 0x14: [io  0x03f6]
[    0.312011] pci 0000:00:01.1: legacy IDE quirk: reg 0x18: [io  0x0170-0x0177]
[    0.314484] pci 0000:00:01.1: legacy IDE quirk: reg 0x1c: [io  0x0376]
[    0.348311] pci 0000:00:07.0: quirk: [io  0x4000-0x403f] claimed by PIIX4 ACPI
[    0.350562] pci 0000:00:07.0: quirk: [io  0x4100-0x410f] claimed by PIIX4 SMB
[    0.362475] ACPI: PCI Interrupt Link [LNKA] (IRQs 5 9 10 *11)
[    0.364432] ACPI: PCI Interrupt Link [LNKB] (IRQs 5 9 *10 11)
[    0.365952] ACPI: PCI Interrupt Link [LNKC] (IRQs 5 *9 10 11)
[    0.368197] ACPI: PCI Interrupt Link [LNKD] (IRQs 5 9 10 *11)
[    0.370150] SCSI subsystem initialized
[    0.371177] pci 0000:00:02.0: vgaarb: setting as boot VGA device
[    0.371177] pci 0000:00:02.0: vgaarb: VGA device added: decodes=io+mem,owns=io+mem,locks=none
[    0.372017] pci 0000:00:02.0: vgaarb: bridge control possible
[    0.376004] vgaarb: loaded
[    0.377099] ACPI: bus type USB registered
[    0.378586] usbcore: registered new interface driver usbfs
[    0.380024] usbcore: registered new interface driver hub
[    0.381746] usbcore: registered new device driver usb
[    0.384125] EDAC MC: Ver: 3.0.0
[    0.385235] PCI: Using ACPI for IRQ routing
[    0.385716] NetLabel: Initializing
[    0.388009] NetLabel:  domain hash size = 128
[    0.389189] NetLabel:  protocols = UNLABELED CIPSOv4 CALIPSO
[    0.391112] NetLabel:  unlabeled traffic allowed by default
[    0.392132] clocksource: Switched to clocksource kvm-clock
[    0.412535] VFS: Disk quotas dquot_6.6.0
[    0.413787] VFS: Dquot-cache hash table entries: 512 (order 0, 4096 bytes)
[    0.416071] AppArmor: AppArmor Filesystem Enabled
[    0.417637] pnp: PnP ACPI init
[    0.420025] pnp: PnP ACPI: found 3 devices
[    0.433721] clocksource: acpi_pm: mask: 0xffffff max_cycles: 0xffffff, max_idle_ns: 2085701024 ns
[    0.436603] NET: Registered protocol family 2
[    0.438044] IP idents hash table entries: 16384 (order: 5, 131072 bytes)
[    0.441680] TCP established hash table entries: 8192 (order: 4, 65536 bytes)
[    0.443883] TCP bind hash table entries: 8192 (order: 5, 131072 bytes)
[    0.446039] TCP: Hash tables configured (established 8192 bind 8192)
[    0.448036] UDP hash table entries: 512 (order: 2, 16384 bytes)
[    0.449752] UDP-Lite hash table entries: 512 (order: 2, 16384 bytes)
[    0.451770] NET: Registered protocol family 1
[    0.453182] pci 0000:00:00.0: Limiting direct PCI/PCI transfers
[    0.455678] pci 0000:00:01.0: Activating ISA DMA hang workarounds
[    0.457550] pci 0000:00:02.0: Video device with shadowed ROM at [mem 0x000c0000-0x000dffff]
[    0.460160] Unpacking initramfs...
[    0.818865] Freeing initrd memory: 19528K
[    0.820340] clocksource: tsc: mask: 0xffffffffffffffff max_cycles: 0x2c17fa94415, max_idle_ns: 440795211888 ns
[    0.824082] platform rtc_cmos: registered platform RTC device (no PNP device found)
[    0.826759] Scanning for low memory corruption every 60 seconds
[    0.830180] Initialise system trusted keyrings
[    0.831771] Key type blacklist registered
[    0.833033] workingset: timestamp_bits=36 max_order=18 bucket_order=0
[    0.836130] zbud: loaded
[    0.837611] squashfs: version 4.0 (2009/01/31) Phillip Lougher
[    0.839983] fuse init (API version 7.26)
[    0.844365] Key type asymmetric registered
[    0.845280] Asymmetric key parser 'x509' registered
[    0.846418] Block layer SCSI generic (bsg) driver version 0.4 loaded (major 246)
[    0.848221] io scheduler noop registered
[    0.849645] io scheduler deadline registered
[    0.851307] io scheduler cfq registered (default)
[    0.853788] ACPI: AC Adapter [AC] (on-line)
[    0.855295] input: Power Button as /devices/LNXSYSTM:00/LNXPWRBN:00/input/input0
[    0.858338] ACPI: Power Button [PWRF]
[    0.859780] input: Sleep Button as /devices/LNXSYSTM:00/LNXSLPBN:00/input/input1
[    0.862440] ACPI: Sleep Button [SLPF]
[    0.864554] Serial: 8250/16550 driver, 32 ports, IRQ sharing enabled
[    0.888480] 00:02: ttyS0 at I/O 0x3f8 (irq = 4, base_baud = 115200) is a 16550A
[    0.897900] Linux agpgart interface v0.103
[    0.904213] loop: module loaded
[    0.906651] scsi host0: ata_piix
[    0.908211] scsi host1: ata_piix
[    0.909500] ata1: PATA max UDMA/33 cmd 0x1f0 ctl 0x3f6 bmdma 0xd000 irq 14
[    0.911894] ata2: PATA max UDMA/33 cmd 0x170 ctl 0x376 bmdma 0xd008 irq 15
[    0.913818] tun: Universal TUN/TAP device driver, 1.6
[    0.915322] PPP generic driver version 2.4.2
[    0.916560] ehci_hcd: USB 2.0 'Enhanced' Host Controller (EHCI) Driver
[    0.917932] ehci-pci: EHCI PCI platform driver
[    0.918848] ehci-platform: EHCI generic platform driver
[    0.920010] ohci_hcd: USB 1.1 'Open' Host Controller (OHCI) Driver
[    0.921403] ohci-pci: OHCI PCI platform driver
[    0.922511] ohci-platform: OHCI generic platform driver
[    0.923767] uhci_hcd: USB Universal Host Controller Interface driver
[    0.925523] i8042: PNP: PS/2 Controller [PNP0303:PS2K,PNP0f03:PS2M] at 0x60,0x64 irq 1,12
[    0.928324] serio: i8042 KBD port at 0x60,0x64 irq 1
[    0.929968] serio: i8042 AUX port at 0x60,0x64 irq 12
[    0.931775] mousedev: PS/2 mouse device common for all mice
[    0.934372] input: AT Translated Set 2 keyboard as /devices/platform/i8042/serio0/input/input2
[    0.937716] rtc_cmos rtc_cmos: rtc core: registered rtc_cmos as rtc0
[    0.944131] rtc_cmos rtc_cmos: alarms up to one day, 114 bytes nvram
[    0.946493] i2c /dev entries driver
[    0.947849] device-mapper: uevent: version 1.0.3
[    0.953366] device-mapper: ioctl: 4.37.0-ioctl (2017-09-20) initialised: dm-devel@redhat.com
[    0.956022] ledtrig-cpu: registered to indicate activity on CPUs
[    0.959217] NET: Registered protocol family 10
[    0.968708] Segment Routing with IPv6
[    0.969888] NET: Registered protocol family 17
[    0.971228] Key type dns_resolver registered
[    0.973254] mce: Using 0 MCE banks
[    0.975532] RAS: Correctable Errors collector initialized.
[    0.979233] sched_clock: Marking stable (979118888, 0)->(1271106274, -291987386)
[    0.981878] registered taskstats version 1
[    0.985968] Loading compiled-in X.509 certificates
[    0.994239] Loaded X.509 cert 'Build time autogenerated kernel key: b5b26778eaa3ab3a4a6cee031137706e947d12ad'
[    1.001849] Loaded X.509 cert 'Canonical Ltd. Live Patch Signing: 14df34d1a87cf37625abec039ef2bf521249b969'
[    1.008995] Loaded X.509 cert 'Canonical Ltd. Kernel Module Signing: 88f752e560a1e0737e31163a466ad7b70a850c19'
[    1.015887] blacklist: Loading compiled-in revocation X.509 certificates
[    1.020712] Loaded X.509 cert 'Canonical Ltd. Secure Boot Signing: 61482aa2830d0ab2ad5af10b7250da9033ddcef0'
[    1.027261] Loaded X.509 cert 'Canonical Ltd. Secure Boot Signing (2017): 242ade75ac4a15e50d50c84b0d45ff3eae707a03'
[    1.034237] Loaded X.509 cert 'Canonical Ltd. Secure Boot Signing (ESM 2018): 365188c1d374d6b07c3c8f240f8ef722433d6a8b'
[    1.041588] Loaded X.509 cert 'Canonical Ltd. Secure Boot Signing (2019): c0746fd6c5da3ae827864651ad66ae47fe24b3e8'
[    1.048695] Loaded X.509 cert 'Canonical Ltd. Secure Boot Signing (2021 v1): a8d54bbb3825cfb94fa13c9f8a594a195c107b8d'
[    1.055777] Loaded X.509 cert 'Canonical Ltd. Secure Boot Signing (2021 v2): 4cf046892d6fd3c9a5b03f98d845f90851dc6a8c'
[    1.063007] Loaded X.509 cert 'Canonical Ltd. Secure Boot Signing (2021 v3): 100437bb6de6e469b581e61cd66bce3ef4ed53af'
[    1.070194] Loaded X.509 cert 'Canonical Ltd. Secure Boot Signing (Ubuntu Core 2019): c1d57b8f6b743f23ee41f4f7ee292f06eecadfb9'
[    1.089368] zswap: loaded using pool lzo/zbud
[    1.114028] Key type big_key registered
[    1.117086] Key type trusted registered
[    1.122502] Key type encrypted registered
[    1.123955] AppArmor: AppArmor sha1 policy hashing enabled
[    1.126170] ima: No TPM chip found, activating TPM-bypass! (rc=-19)
[    1.128382] ima: Allocated hash algorithm: sha1
[    1.130149] evm: HMAC attrs: 0x1
[    1.131740]   Magic number: 0:753:188
[    1.133394] rtc_cmos rtc_cmos: setting system clock to 2024-03-18 17:11:26 UTC (1710781886)
[    1.135542] BIOS EDD facility v0.16 2004-Jun-25, 0 devices found
[    1.137095] EDD information not available.
[    1.141266] Freeing unused kernel image memory: 2480K
[    1.156159] Write protecting the kernel read-only data: 20480k
[    1.159339] Freeing unused kernel image memory: 2008K
[    1.161909] Freeing unused kernel image memory: 1820K
[    1.176881] x86/mm: Checked W+X mappings: passed, no W+X pages found.
[    1.179647] x86/mm: Checking user space page tables
[    1.194616] x86/mm: Checked W+X mappings: passed, no W+X pages found.
Loading, please wait...
starting version 237
[    1.336186] Fusion MPT base driver 3.04.20
[    1.336299] e1000: Intel(R) PRO/1000 Network Driver - version 7.3.21-k8-NAPI
[    1.337730] Copyright (c) 1999-2008 LSI Corporation
[    1.339739] e1000: Copyright (c) 1999-2006 Intel Corporation.
[    1.365421] Fusion MPT SPI Host driver 3.04.20
[    1.554951] input: ImExPS/2 Generic Explorer Mouse as /devices/platform/i8042/serio1/input/input4
[    1.779635] e1000 0000:00:03.0 eth0: (PCI:33MHz:32-bit) 02:3b:7b:b7:3b:2d
[    1.782029] e1000 0000:00:03.0 eth0: Intel(R) PRO/1000 Network Connection
[    1.785368] mptbase: ioc0: Initiating bringup
[    1.788140] e1000 0000:00:03.0 enp0s3: renamed from eth0
[    1.880598] ioc0: LSI53C1030 A0: Capabilities={Initiator}
[    2.122499] scsi host2: ioc0: LSI53C1030 A0, FwRev=00000000h, Ports=1, MaxQ=256, IRQ=20
[    2.292682] scsi 2:0:0:0: Direct-Access     VBOX     HARDDISK         1.0  PQ: 0 ANSI: 5
[    2.320097] scsi target2:0:0: Beginning Domain Validation
[    2.323893] scsi target2:0:0: Domain Validation skipping write tests
[    2.325583] scsi target2:0:0: Ending Domain Validation
[    2.327020] scsi target2:0:0: asynchronous
[    2.330520] scsi 2:0:1:0: Direct-Access     VBOX     HARDDISK         1.0  PQ: 0 ANSI: 5
[    2.364107] scsi target2:0:1: Beginning Domain Validation
[    2.367784] scsi target2:0:1: Domain Validation skipping write tests
[    2.369725] scsi target2:0:1: Ending Domain Validation
[    2.371873] scsi target2:0:1: asynchronous
[    2.378525] sd 2:0:0:0: Attached scsi generic sg0 type 0
[    2.380041] sd 2:0:0:0: [sda] 83886080 512-byte logical blocks: (42.9 GB/40.0 GiB)
[    2.382562] sd 2:0:0:0: [sda] Write Protect is off
[    2.384334] sd 2:0:1:0: Attached scsi generic sg1 type 0
[    2.384457] sd 2:0:0:0: [sda] Incomplete mode parameter data
[    2.389013] sd 2:0:0:0: [sda] Assuming drive cache: write through
[    2.390965] sd 2:0:1:0: [sdb] 20480 512-byte logical blocks: (10.5 MB/10.0 MiB)
[    2.394728] sd 2:0:1:0: [sdb] Write Protect is off
[    2.396351] sd 2:0:1:0: [sdb] Incomplete mode parameter data
[    2.397822] sd 2:0:1:0: [sdb] Assuming drive cache: write through
[    2.401233]  sda: sda1
[    2.402878] sd 2:0:0:0: [sda] Attached SCSI disk
[    2.429450] sd 2:0:1:0: [sdb] Attached SCSI disk
Begin: Loading essential drivers ... [    4.136117] raid6: sse2x1   gen()  6036 MB/s
[    4.184096] raid6: sse2x1   xor()  4578 MB/s
[    4.232081] raid6: sse2x2   gen()  8615 MB/s
[    4.280102] raid6: sse2x2   xor()  6115 MB/s
[    4.328075] raid6: sse2x4   gen()  7658 MB/s
[    4.376089] raid6: sse2x4   xor()  6774 MB/s
[    4.377496] raid6: using algorithm sse2x2 gen() 8615 MB/s
[    4.378979] raid6: .... xor() 6115 MB/s, rmw enabled
[    4.380930] raid6: using ssse3x2 recovery algorithm
[    4.384542] xor: measuring software checksum speed
[    4.440981]    prefetch64-sse: 23334.000 MB/sec
[    4.495517]    generic_sse: 28673.000 MB/sec
[    4.498074] xor: using function: generic_sse (28673.000 MB/sec)
[    4.503218] async_tx: api initialized (async)
done.
Begin: Running /scripts/init-premount ... done.
Begin: Mounting root file system ... Begin: Running /scripts/local-top ... done.
Begin: Running /scripts/local-premount ... [    4.608835] Btrfs loaded, crc32c=crc32c-intel
Scanning for Btrfs filesystems
done.
Warning: fsck not present, so skipping root file system
[    4.849734] EXT4-fs (sda1): mounted filesystem with ordered data mode. Opts: (null)
done.
Begin: Running /scripts/local-bottom ... done.
Begin: Running /scripts/init-bottom ... done.
[    6.833694] ip_tables: (C) 2000-2006 Netfilter Core Team
[    6.986198] systemd[1]: systemd 237 running in system mode. (+PAM +AUDIT +SELINUX +IMA +APPARMOR +SMACK +SYSVINIT +UTMP +LIBCRYPTSETUP +GCRYPT +GNUTLS +ACL +XZ +LZ4 +SECCOMP +BLKID +ELFUTILS +KMOD -IDN2 +IDN -PCRE2 default-hierarchy=hybrid)
[    6.992926] systemd[1]: Detected virtualization oracle.
[    6.994707] systemd[1]: Detected architecture x86-64.

Welcome to [1mUbuntu 18.04.6 LTS[0m!

[    7.019036] systemd[1]: Set hostname to <ubuntu-bionic>.
[    9.052368] random: crng init done
[    9.966975] systemd[1]: Created slice System Slice.
[[0;32m  OK  [0m] Created slice System Slice.
[    9.970701] systemd[1]: Listening on Syslog Socket.
[[0;32m  OK  [0m] Listening on Syslog Socket.
[    9.973800] systemd[1]: Listening on udev Kernel Socket.
[[0;32m  OK  [0m] Listening on udev Kernel Socket.
[    9.976823] systemd[1]: Listening on fsck to fsckd communication Socket.
[[0;32m  OK  [0m] Listening on fsck to fsckd communication Socket.
[    9.980524] systemd[1]: Listening on Journal Audit Socket.
[[0;32m  OK  [0m] Listening on Journal Audit Socket.
[    9.982347] systemd[1]: Reached target System Time Synchronized.
[[0;32m  OK  [0m] Reached target System Time Synchronized.
[[0;32m  OK  [0m] Listening on udev Control Socket.
[[0;32m  OK  [0m] Listening on Journal Socket.
         Mounting Huge Pages File System...
         Starting udev Coldplug all Devices...
         Starting File System Check on Root Device...
[[0;32m  OK  [0m] Started Forward Password Requests to Wall Directory Watch.
[[0;32m  OK  [0m] Reached target User and Group Name Lookups.
         Starting Create list of required stâ€¦ce nodes for the current kernel...
[[0;32m  OK  [0m] Listening on Journal Socket (/dev/log).
         Starting Journal Service...
[[0;32m  OK  [0m] Listening on /dev/initctl Compatibility Named Pipe.
[[0;32m  OK  [0m] Reached target Mounting snaps.
[[0;32m  OK  [0m] Reached target Mounted snaps.
         Mounting POSIX Message Queue File System...
[[0;32m  OK  [0m] Created slice system-serial\x2dgetty.slice.
[[0;32m  OK  [0m] Set up automount Arbitrary Executabâ€¦rmats File System Automount Point.
         Starting Set the console keyboard layout...
[[0;32m  OK  [0m] Listening on LVM2 poll daemon socket.
[[0;32m  OK  [0m] Reached target Swap.
[[0;32m  OK  [0m] Listening on Network Service Netlink Socket.
[[0;32m  OK  [0m] Listening on LVM2 metadata daemon socket.
         Starting Load Kernel Modules...
[[0;32m  OK  [0m] Created slice User and Session Slice.
[[0;32m  OK  [0m] Reached target Slices.
         Starting Uncomplicated firewall...
[[0;32m  OK  [0m] Listening on Device-mapper event daemon FIFOs.
         Starting Monitoring of LVM2 mirrorsâ€¦ng dmeventd or progress polling...
         Mounting Kernel Debug File System...
[[0;32m  OK  [0m] Started Journal Service.
[[0;32m  OK  [0m] Mounted Huge Pages File System.
[[0;32m  OK  [0m] Started Create list of required staâ€¦vice nodes for the current kernel.
[[0;32m  OK  [0m] Mounted POSIX Message Queue File System.
[[0;32m  OK  [0m] Mounted Kernel Debug File System.
[[0;32m  OK  [0m] Started File System Check Daemon to report status.
         Starting Create Static Device Nodes in /dev...
[[0;32m  OK  [0m] Started udev Coldplug all Devices.
[[0;32m  OK  [0m] Started Uncomplicated firewall.
[[0;32m  OK  [0m] Started File System Check on Root Device.
         Starting Remount Root and Kernel File Systems...
[   10.986343] Loading iSCSI transport class v2.0-870.
[   11.183960] EXT4-fs (sda1): re-mounted. Opts: (null)
[[0;32m  OK  [0m] Started Remount Root and Kernel File Systems.
         Starting Load/Save Random Seed...
         Starting Flush Journal to Persistent Storage...
[   11.238073] iscsi: registered transport (tcp)
[[0;32m  OK  [0m] Started Create Static Device Nodes in /dev.
[[0;32m  OK  [0m] Started Load/Save Random Seed.
         Starting udev Kernel Device Manager...
[   11.575693] systemd-journald[388]: Received request to flush runtime journal from PID 1
[[0;32m  OK  [0m] Started Set the console keyboard layout.
[   11.791239] iscsi: registered transport (iser)
[[0;32m  OK  [0m] Started Load Kernel Modules.
         Starting Apply Kernel Variables...
         Mounting Kernel Configuration File System...
         Mounting FUSE Control File System...
[[0;32m  OK  [0m] Mounted Kernel Configuration File System.
[[0;32m  OK  [0m] Mounted FUSE Control File System.
[[0;32m  OK  [0m] Started LVM2 metadata daemon.
[[0;32m  OK  [0m] Started Monitoring of LVM2 mirrors,â€¦sing dmeventd or progress polling.
[[0;32m  OK  [0m] Reached target Local File Systems (Pre).
[[0;32m  OK  [0m] Reached target Local File Systems.
         Starting Set console font and keymap...
         Starting Tell Plymouth To Write Out Runtime Data...
         Starting ebtables ruleset management...
         Starting AppArmor initialization...
[[0;32m  OK  [0m] Started udev Kernel Device Manager.
[[0;32m  OK  [0m] Started Dispatch Password Requests to Console Directory Watch.
[[0;32m  OK  [0m] Reached target Local Encrypted Volumes.
[[0;32m  OK  [0m] Started Apply Kernel Variables.
[[0;32m  OK  [0m] Started Set console font and keymap.
[[0;32m  OK  [0m] Started Tell Plymouth To Write Out Runtime Data.
[[0;32m  OK  [0m] Started Flush Journal to Persistent Storage.
         Starting Create Volatile Files and Directories...
[[0;32m  OK  [0m] Found device /dev/ttyS0.
[[0;32m  OK  [0m] Started Create Volatile Files and Directories.
         Starting Update UTMP about System Boot/Shutdown...
[[0;32m  OK  [0m] Listening on Load/Save RF Kill Switch Status /dev/rfkill Watch.
[[0;32m  OK  [0m] Started ebtables ruleset management.
[[0;32m  OK  [0m] Started Update UTMP about System Boot/Shutdown.
[[0;32m  OK  [0m] Started AppArmor initialization.
         Starting Initial cloud-init job (pre-networking)...
         Starting Load AppArmor profiles managed internally by snapd...
         Mounting Arbitrary Executable File Formats File System...
[[0;32m  OK  [0m] Mounted Arbitrary Executable File Formats File System.
[[0;32m  OK  [0m] Started Load AppArmor profiles managed internally by snapd.
[   24.755249] cloud-init[550]: Cloud-init v. 23.1.2-0ubuntu0~18.04.1 running 'init-local' at Mon, 18 Mar 2024 17:11:49 +0000. Up 24.04 seconds.
[[0;32m  OK  [0m] Started Initial cloud-init job (pre-networking).
[[0;32m  OK  [0m] Reached target Network (Pre).
         Starting Network Service...
[[0;32m  OK  [0m] Started Network Service.
         Starting Wait for Network to be Configured...
         Starting Network Name Resolution...
[[0;32m  OK  [0m] Started Network Name Resolution.
[[0;32m  OK  [0m] Reached target Network.
[[0;32m  OK  [0m] Reached target Host and Network Name Lookups.
[[0;32m  OK  [0m] Started Wait for Network to be Configured.
         Starting Initial cloud-init job (metadata service crawler)...
[   27.821081] cloud-init[670]: Cloud-init v. 23.1.2-0ubuntu0~18.04.1 running 'init' at Mon, 18 Mar 2024 17:11:52 +0000. Up 27.36 seconds.
[   27.834736] cloud-init[670]: ci-info: ++++++++++++++++++++++++++++++++++++++Net device info++++++++++++++++++++++++++++++++++++++
[   27.837522] cloud-init[670]: ci-info: +--------+------+----------------------------+---------------+--------+-------------------+
[   27.840092] cloud-init[670]: ci-info: | Device |  Up  |          Address           |      Mask     | Scope  |     Hw-Address    |
[   27.842669] cloud-init[670]: ci-info: +--------+------+----------------------------+---------------+--------+-------------------+
[   27.845378] cloud-init[670]: ci-info: | enp0s3 | True |         10.0.2.15          | 255.255.255.0 | global | 02:3b:7b:b7:3b:2d |
[   27.847816] cloud-init[670]: ci-info: | enp0s3 | True | fe80::3b:7bff:feb7:3b2d/64 |       .       |  link  | 02:3b:7b:b7:3b:2d |
[   27.849929] cloud-init[670]: ci-info: |   lo   | True |         127.0.0.1          |   255.0.0.0   |  host  |         .         |
[   27.852281] cloud-init[670]: ci-info: |   lo   | True |          ::1/128           |       .       |  host  |         .         |
[   27.854793] cloud-init[670]: ci-info: +--------+------+----------------------------+---------------+--------+-------------------+
[   27.857270] cloud-init[670]: ci-info: ++++++++++++++++++++++++++++Route IPv4 info+++++++++++++++++++++++++++++
[   27.861541] cloud-init[670]: ci-info: +-------+-------------+----------+-----------------+-----------+-------+
[   27.863678] cloud-init[670]: ci-info: | Route | Destination | Gateway  |     Genmask     | Interface | Flags |
[   27.865631] cloud-init[670]: ci-info: +-------+-------------+----------+-----------------+-----------+-------+
[   27.869578] cloud-init[670]: ci-info: |   0   |   0.0.0.0   | 10.0.2.2 |     0.0.0.0     |   enp0s3  |   UG  |
[   27.873832] cloud-init[670]: ci-info: |   1   |   10.0.2.0  | 0.0.0.0  |  255.255.255.0  |   enp0s3  |   U   |
[   27.878252] cloud-init[670]: ci-info: |   2   |   10.0.2.2  | 0.0.0.0  | 255.255.255.255 |   enp0s3  |   UH  |
[   27.886186] cloud-init[670]: ci-info: +-------+-------------+----------+-----------------+-----------+-------+
[   27.891282] cloud-init[670]: ci-info: +++++++++++++++++++Route IPv6 info+++++++++++++++++++
[   27.895064] cloud-init[670]: ci-info: +-------+-------------+---------+-----------+-------+
[   27.899852] cloud-init[670]: ci-info: | Route | Destination | Gateway | Interface | Flags |
[   27.905426] cloud-init[670]: ci-info: +-------+-------------+---------+-----------+-------+
[   27.910409] cloud-init[670]: ci-info: |   1   |  fe80::/64  |    ::   |   enp0s3  |   U   |
[   27.916484] cloud-init[670]: ci-info: |   3   |    local    |    ::   |   enp0s3  |   U   |
[   27.925357] cloud-init[670]: ci-info: |   4   |   ff00::/8  |    ::   |   enp0s3  |   U   |
[   27.930542] cloud-init[670]: ci-info: +-------+-------------+---------+-----------+-------+
[[0;32m  OK  [0m] Started Initial cloud-init job (metadata service crawler).
[[0;32m  OK  [0m] Reached target Cloud-config availability.
[[0;32m  OK  [0m] Reached target Network is Online.
[[0;32m  OK  [0m] Reached target Remote File Systems (Pre).
         Starting Availability of block devices...
         Mounting /vagrant...
[[0;32m  OK  [0m] Reached target System Initialization.
[[0;32m  OK  [0m] Listening on D-Bus System Message Bus Socket.
[[0;32m  OK  [0m] Listening on ACPID Listen Socket.
         Starting Socket activation for snappy daemon.
[[0;32m  OK  [0m] Started Discard unused blocks once a week.
[[0;32m  OK  [0m] Started Message of the Day.
[[0;32m  OK  [0m] Started Daily Cleanup of Temporary Directories.
[[0;32m  OK  [0m] Listening on cloud-init hotplug hook socket.
[[0;32m  OK  [0m] Listening on UUID daemon activation socket.
[[0;32m  OK  [0m] Listening on Open-iSCSI iscsid Socket.
[[0;32m  OK  [0m] Started ACPI Events Check.
[[0;32m  OK  [0m] Reached target Paths.
         Starting LXD - unix socket.
[[0;32m  OK  [0m] Started Daily apt download activities.
[[0;32m  OK  [0m] Started Ubuntu Advantage Timer for running repeated jobs.
[[0;32m  OK  [0m] Started Daily apt upgrade and clean activities.
[[0;32m  OK  [0m] Reached target Timers.
[[0;32m  OK  [0m] Started Availability of block devices.
[[0;32m  OK  [0m] Mounted /vagrant.
[[0;32m  OK  [0m] Listening on Socket activation for snappy daemon.
[[0;32m  OK  [0m] Listening on LXD - unix socket.
[[0;32m  OK  [0m] Reached target Sockets.
[[0;32m  OK  [0m] Reached target Basic System.
         Starting LSB: Record successful boot for GRUB...
         Starting OpenBSD Secure Shell server...
         Starting LXD - container startup/shutdown...
[[0;32m  OK  [0m] Started FUSE filesystem for LXC.
[[0;32m  OK  [0m] Reached target Login Prompts (Pre).
         Starting Virtualbox guest utils...
[[0;32m  OK  [0m] Started Deferred execution scheduler.
         Starting System Logging Service...
         Starting Dispatcher daemon for systemd-networkd...
[[0;32m  OK  [0m] Started irqbalance daemon.
[[0;32m  OK  [0m] Started D-Bus System Message Bus.
         Starting Login Service...
         Starting Accounts Service...
[[0;32m  OK  [0m] Started Regular background program processing daemon.
         Starting Snap Daemon...
[[0;32m  OK  [0m] Reached target Remote File Systems.
         Starting Permit User Sessions...
         Starting LSB: automatic crash report generation...
[[0;32m  OK  [0m] Started System Logging Service.
[[0;32m  OK  [0m] Started Login Service.
[[0;32m  OK  [0m] Started Unattended Upgrades Shutdown.
[[0;32m  OK  [0m] Started OpenBSD Secure Shell server.
[[0;32m  OK  [0m] Started Permit User Sessions.
         Starting Terminate Plymouth Boot Screen...
         Starting Hold until boot process finishes up...
[[0;32m  OK  [0m] Started Hold until boot process finishes up.
[[0;32m  OK  [0m] Started Serial Getty on ttyS0.
         Starting Set console scheme...
[[0;32m  OK  [0m] Started Terminate Plymouth Boot Screen.
[[0;32m  OK  [0m] Started Set console scheme.
[[0;32m  OK  [0m] Created slice system-getty.slice.
[[0;32m  OK  [0m] Started Getty on tty1.
[[0;32m  OK  [0m] Reached target Login Prompts.
[[0;32m  OK  [0m] Started LSB: automatic crash report generation.
[[0;32m  OK  [0m] Started LSB: Record successful boot for GRUB.
[[0;32m  OK  [0m] Started Dispatcher daemon for systemd-networkd.
         Starting Authorization Manager...

Ubuntu 18.04.6 LTS ubuntu-bionic ttyS0

ubuntu-bionic login: [   48.271234] cloud-init[1408]: Cloud-init v. 23.1.2-0ubuntu0~18.04.1 running 'modules:config' at Mon, 18 Mar 2024 17:12:13 +0000. Up 47.96 seconds.
[   49.808027] cloud-init[1475]: Cloud-init v. 23.1.2-0ubuntu0~18.04.1 running 'modules:final' at Mon, 18 Mar 2024 17:12:14 +0000. Up 49.33 seconds.
[   49.808390] cloud-init[1475]: Cloud-init v. 23.1.2-0ubuntu0~18.04.1 finished at Mon, 18 Mar 2024 17:12:15 +0000. Datasource DataSourceNoCloud [seed=/dev/sdb][dsmode=net].  Up 49.76 seconds
